
> regaarder@0.1.0 build
> vite build

[36mvite v7.3.0 [32mbuilding client environment for production...[36m[39m
transforming...
[32m??[39m 1331 modules transformed.
rendering chunks...
computing gzip size...
[2mdist/[22m[32mindex.html                           [39m[1m[2m  0.79 kB[22m[1m[22m[2m ??gzip:   0.51 kB[22m
[2mdist/[22m[35massets/index-Dh0y98XK.css            [39m[1m[2m 85.76 kB[22m[1m[22m[2m ??gzip:  13.86 kB[22m
[2mdist/[22m[36massets/chevron-up-C9-YGYLG.js        [39m[1m[2m  0.12 kB[22m[1m[22m[2m ??gzip:   0.14 kB[22m
[2mdist/[22m[36massets/chevron-down-Dn8jWqAB.js      [39m[1m[2m  0.12 kB[22m[1m[22m[2m ??gzip:   0.14 kB[22m
[2mdist/[22m[36massets/chevron-right-DPKIVIv4.js     [39m[1m[2m  0.13 kB[22m[1m[22m[2m ??gzip:   0.14 kB[22m
[2mdist/[22m[36massets/chevron-left-Biefx2Pc.js      [39m[1m[2m  0.13 kB[22m[1m[22m[2m ??gzip:   0.14 kB[22m
[2mdist/[22m[36massets/play-dpzckuGD.js              [39m[1m[2m  0.13 kB[22m[1m[22m[2m ??gzip:   0.15 kB[22m
[2mdist/[22m[36massets/navigation-CVpX3VBE.js        [39m[1m[2m  0.13 kB[22m[1m[22m[2m ??gzip:   0.13 kB[22m
[2mdist/[22m[36massets/crown-DpPA1TaZ.js             [39m[1m[2m  0.15 kB[22m[1m[22m[2m ??gzip:   0.16 kB[22m
[2mdist/[22m[36massets/zap-Bw-hFjUU.js               [39m[1m[2m  0.15 kB[22m[1m[22m[2m ??gzip:   0.15 kB[22m
[2mdist/[22m[36massets/shield-DrXSiSVd.js            [39m[1m[2m  0.15 kB[22m[1m[22m[2m ??gzip:   0.16 kB[22m
[2mdist/[22m[36massets/message-circle-CYgnhbII.js    [39m[1m[2m  0.15 kB[22m[1m[22m[2m ??gzip:   0.16 kB[22m
[2mdist/[22m[36massets/x-C40XgRP8.js                 [39m[1m[2m  0.15 kB[22m[1m[22m[2m ??gzip:   0.15 kB[22m
[2mdist/[22m[36massets/filter-C5BivqKt.js            [39m[1m[2m  0.16 kB[22m[1m[22m[2m ??gzip:   0.16 kB[22m
[2mdist/[22m[36massets/bookmark-kXp4bfhF.js          [39m[1m[2m  0.16 kB[22m[1m[22m[2m ??gzip:   0.16 kB[22m
[2mdist/[22m[36massets/arrow-right-DwVOy8Ph.js       [39m[1m[2m  0.16 kB[22m[1m[22m[2m ??gzip:   0.16 kB[22m
[2mdist/[22m[36massets/line-chart-BW5KgWBb.js        [39m[1m[2m  0.17 kB[22m[1m[22m[2m ??gzip:   0.16 kB[22m
[2mdist/[22m[36massets/ban-DGoxROR5.js               [39m[1m[2m  0.17 kB[22m[1m[22m[2m ??gzip:   0.16 kB[22m
[2mdist/[22m[36massets/search-CRfbxDm6.js            [39m[1m[2m  0.17 kB[22m[1m[22m[2m ??gzip:   0.16 kB[22m
[2mdist/[22m[36massets/clock-CikRs7GS.js             [39m[1m[2m  0.18 kB[22m[1m[22m[2m ??gzip:   0.17 kB[22m
[2mdist/[22m[36massets/message-square-DAKghnh8.js    [39m[1m[2m  0.18 kB[22m[1m[22m[2m ??gzip:   0.16 kB[22m
[2mdist/[22m[36massets/megaphone-BocSPZwT.js         [39m[1m[2m  0.19 kB[22m[1m[22m[2m ??gzip:   0.18 kB[22m
[2mdist/[22m[36massets/user-BkdXoqA7.js              [39m[1m[2m  0.19 kB[22m[1m[22m[2m ??gzip:   0.18 kB[22m
[2mdist/[22m[36massets/video-pSlLBEFr.js             [39m[1m[2m  0.20 kB[22m[1m[22m[2m ??gzip:   0.18 kB[22m
[2mdist/[22m[36massets/trending-up-BSo95qdO.js       [39m[1m[2m  0.20 kB[22m[1m[22m[2m ??gzip:   0.18 kB[22m
[2mdist/[22m[36massets/credit-card-B5UG0aXV.js       [39m[1m[2m  0.20 kB[22m[1m[22m[2m ??gzip:   0.19 kB[22m
[2mdist/[22m[36massets/bell-B_ETNGY0.js              [39m[1m[2m  0.21 kB[22m[1m[22m[2m ??gzip:   0.18 kB[22m
[2mdist/[22m[36massets/check-circle-D9_VkdKf.js      [39m[1m[2m  0.21 kB[22m[1m[22m[2m ??gzip:   0.20 kB[22m
[2mdist/[22m[36massets/star-DY3ZzerJ.js              [39m[1m[2m  0.21 kB[22m[1m[22m[2m ??gzip:   0.18 kB[22m
[2mdist/[22m[36massets/home-9YmEWtKf.js              [39m[1m[2m  0.21 kB[22m[1m[22m[2m ??gzip:   0.19 kB[22m
[2mdist/[22m[36massets/mail-6cZJHTCd.js              [39m[1m[2m  0.21 kB[22m[1m[22m[2m ??gzip:   0.20 kB[22m
[2mdist/[22m[36massets/dollar-sign-DXpM70fl.js       [39m[1m[2m  0.22 kB[22m[1m[22m[2m ??gzip:   0.19 kB[22m
[2mdist/[22m[36massets/target-BRc6zran.js            [39m[1m[2m  0.22 kB[22m[1m[22m[2m ??gzip:   0.16 kB[22m
[2mdist/[22m[36massets/book-open-BOlPpCek.js         [39m[1m[2m  0.22 kB[22m[1m[22m[2m ??gzip:   0.19 kB[22m
[2mdist/[22m[36massets/more-vertical-BSGLwTYa.js     [39m[1m[2m  0.22 kB[22m[1m[22m[2m ??gzip:   0.16 kB[22m
[2mdist/[22m[36massets/briefcase-DZ2xyKuc.js         [39m[1m[2m  0.23 kB[22m[1m[22m[2m ??gzip:   0.20 kB[22m
[2mdist/[22m[36massets/file-B28RL49n.js              [39m[1m[2m  0.23 kB[22m[1m[22m[2m ??gzip:   0.19 kB[22m
[2mdist/[22m[36massets/check-circle-2-D--daTaB.js    [39m[1m[2m  0.23 kB[22m[1m[22m[2m ??gzip:   0.19 kB[22m
[2mdist/[22m[36massets/folder-d7OzTpMH.js            [39m[1m[2m  0.23 kB[22m[1m[22m[2m ??gzip:   0.19 kB[22m
[2mdist/[22m[36massets/copy-Dd_vYLcc.js              [39m[1m[2m  0.23 kB[22m[1m[22m[2m ??gzip:   0.21 kB[22m
[2mdist/[22m[36massets/headphones-DAB_0FxR.js        [39m[1m[2m  0.23 kB[22m[1m[22m[2m ??gzip:   0.18 kB[22m
[2mdist/[22m[36massets/history-CkZB8mh5.js           [39m[1m[2m  0.23 kB[22m[1m[22m[2m ??gzip:   0.19 kB[22m
[2mdist/[22m[36massets/heart-BOGKkmbW.js             [39m[1m[2m  0.24 kB[22m[1m[22m[2m ??gzip:   0.21 kB[22m
[2mdist/[22m[36massets/link-2-Dq4byMqo.js            [39m[1m[2m  0.24 kB[22m[1m[22m[2m ??gzip:   0.20 kB[22m
[2mdist/[22m[36massets/camera-BJzkkPRo.js            [39m[1m[2m  0.25 kB[22m[1m[22m[2m ??gzip:   0.21 kB[22m
[2mdist/[22m[36massets/alert-circle-CUXLGB0q.js      [39m[1m[2m  0.25 kB[22m[1m[22m[2m ??gzip:   0.19 kB[22m
[2mdist/[22m[36massets/link-CapMGNjv.js              [39m[1m[2m  0.25 kB[22m[1m[22m[2m ??gzip:   0.19 kB[22m
[2mdist/[22m[36massets/upload-C-Uqd8aE.js            [39m[1m[2m  0.25 kB[22m[1m[22m[2m ??gzip:   0.21 kB[22m
[2mdist/[22m[36massets/alert-triangle-BYhX1UTw.js    [39m[1m[2m  0.26 kB[22m[1m[22m[2m ??gzip:   0.21 kB[22m
[2mdist/[22m[36massets/list-plus-D6FBGiNw.js         [39m[1m[2m  0.26 kB[22m[1m[22m[2m ??gzip:   0.19 kB[22m
[2mdist/[22m[36massets/image-BRlIZVwP.js             [39m[1m[2m  0.27 kB[22m[1m[22m[2m ??gzip:   0.22 kB[22m
[2mdist/[22m[36massets/config-BQFUInJh.js            [39m[1m[2m  0.28 kB[22m[1m[22m[2m ??gzip:   0.19 kB[22m
[2mdist/[22m[36massets/lightbulb-TK9BXXVN.js         [39m[1m[2m  0.28 kB[22m[1m[22m[2m ??gzip:   0.22 kB[22m
[2mdist/[22m[36massets/globe-Da6Unevm.js             [39m[1m[2m  0.30 kB[22m[1m[22m[2m ??gzip:   0.22 kB[22m
[2mdist/[22m[36massets/users-BTO8YtKQ.js             [39m[1m[2m  0.30 kB[22m[1m[22m[2m ??gzip:   0.23 kB[22m
[2mdist/[22m[36massets/calendar-BNpHrTVn.js          [39m[1m[2m  0.31 kB[22m[1m[22m[2m ??gzip:   0.22 kB[22m
[2mdist/[22m[36massets/share-2-CT9N_rfq.js           [39m[1m[2m  0.35 kB[22m[1m[22m[2m ??gzip:   0.23 kB[22m
[2mdist/[22m[36massets/heart-off-BVYGSzQY.js         [39m[1m[2m  0.36 kB[22m[1m[22m[2m ??gzip:   0.27 kB[22m
[2mdist/[22m[36massets/gift-Bpf_l5Hb.js              [39m[1m[2m  0.39 kB[22m[1m[22m[2m ??gzip:   0.27 kB[22m
[2mdist/[22m[36massets/sparkles-C7Q8moa-.js          [39m[1m[2m  0.42 kB[22m[1m[22m[2m ??gzip:   0.25 kB[22m
[2mdist/[22m[36massets/trash-B5KG4fU5.js             [39m[1m[2m  0.45 kB[22m[1m[22m[2m ??gzip:   0.30 kB[22m
[2mdist/[22m[36massets/rocket-DhrOD07d.js            [39m[1m[2m  0.45 kB[22m[1m[22m[2m ??gzip:   0.31 kB[22m
[2mdist/[22m[36massets/trophy-BmVf4Kvb.js            [39m[1m[2m  0.46 kB[22m[1m[22m[2m ??gzip:   0.28 kB[22m
[2mdist/[22m[36massets/trash-2-BhzP1S4n.js           [39m[1m[2m  0.46 kB[22m[1m[22m[2m ??gzip:   0.30 kB[22m
[2mdist/[22m[36massets/pin-48Lq7DZL.js               [39m[1m[2m  0.47 kB[22m[1m[22m[2m ??gzip:   0.31 kB[22m
[2mdist/[22m[36massets/loader-bcYNYRkF.js            [39m[1m[2m  0.56 kB[22m[1m[22m[2m ??gzip:   0.27 kB[22m
[2mdist/[22m[36massets/pencil-6LSp8L44.js            [39m[1m[2m  0.71 kB[22m[1m[22m[2m ??gzip:   0.39 kB[22m
[2mdist/[22m[36massets/settings-CpFwIFQH.js          [39m[1m[2m  0.72 kB[22m[1m[22m[2m ??gzip:   0.34 kB[22m
[2mdist/[22m[36massets/media-CRtsjh58.js             [39m[1m[2m  0.77 kB[22m[1m[22m[2m ??gzip:   0.41 kB[22m
[2mdist/[22m[36massets/thumbs-down-D86AJLTY.js       [39m[1m[2m  1.08 kB[22m[1m[22m[2m ??gzip:   0.54 kB[22m
[2mdist/[22m[36massets/SharedBottomBar-CtA_wLdE.js   [39m[1m[2m  1.88 kB[22m[1m[22m[2m ??gzip:   0.96 kB[22m
[2mdist/[22m[36massets/BoostsModal-DzgbB7hY.js       [39m[1m[2m  5.63 kB[22m[1m[22m[2m ??gzip:   2.31 kB[22m
[2mdist/[22m[36massets/referrals-FECseDvc.js         [39m[1m[2m  8.08 kB[22m[1m[22m[2m ??gzip:   2.64 kB[22m
[2mdist/[22m[36massets/more-Bhc72nSf.js              [39m[1m[2m  8.09 kB[22m[1m[22m[2m ??gzip:   2.92 kB[22m
[2mdist/[22m[36massets/likedvideos-Dz0gt2CM.js       [39m[1m[2m  8.21 kB[22m[1m[22m[2m ??gzip:   3.36 kB[22m
[2mdist/[22m[36massets/StaffLoginModal-D4BHsPKc.js   [39m[1m[2m 10.14 kB[22m[1m[22m[2m ??gzip:   2.40 kB[22m
[2mdist/[22m[36massets/subscriptions-Du-obp5_.js     [39m[1m[2m 10.62 kB[22m[1m[22m[2m ??gzip:   3.42 kB[22m
[2mdist/[22m[36massets/bookmarks-lEuiQyzO.js         [39m[1m[2m 11.11 kB[22m[1m[22m[2m ??gzip:   3.54 kB[22m
[2mdist/[22m[36massets/playlists-Bs0wOyJV.js         [39m[1m[2m 11.97 kB[22m[1m[22m[2m ??gzip:   4.16 kB[22m
[2mdist/[22m[36massets/policies-CGKIqsqe.js          [39m[1m[2m 13.21 kB[22m[1m[22m[2m ??gzip:   4.69 kB[22m
[2mdist/[22m[36massets/settings-Cyk8kMBr.js          [39m[1m[2m 14.12 kB[22m[1m[22m[2m ??gzip:   3.31 kB[22m
[2mdist/[22m[36massets/watchhistory-DFNCn6FL.js      [39m[1m[2m 14.24 kB[22m[1m[22m[2m ??gzip:   5.14 kB[22m
[2mdist/[22m[36massets/watchtogether-CNL3ib7Y.js     [39m[1m[2m 19.94 kB[22m[1m[22m[2m ??gzip:   6.34 kB[22m
[2mdist/[22m[36massets/sponsorship-EuCXPkzo.js       [39m[1m[2m 25.89 kB[22m[1m[22m[2m ??gzip:   6.99 kB[22m
[2mdist/[22m[36massets/userprofile-CEYdEnot.js       [39m[1m[2m 26.22 kB[22m[1m[22m[2m ??gzip:   6.88 kB[22m
[2mdist/[22m[36massets/notifications-BfJR7BU5.js     [39m[1m[2m 26.90 kB[22m[1m[22m[2m ??gzip:   8.16 kB[22m
[2mdist/[22m[36massets/SupportPage-CIio9gv8.js       [39m[1m[2m 27.96 kB[22m[1m[22m[2m ??gzip:   8.53 kB[22m
[2mdist/[22m[36massets/Marketplace-BJyEutj6.js       [39m[1m[2m 53.17 kB[22m[1m[22m[2m ??gzip:  10.84 kB[22m
[2mdist/[22m[36massets/requests-BXbAyRoo.js          [39m[1m[2m111.49 kB[22m[1m[22m[2m ??gzip:  29.12 kB[22m
[2mdist/[22m[36massets/creatorprofile-B-eTk67d.js    [39m[1m[2m122.00 kB[22m[1m[22m[2m ??gzip:  29.23 kB[22m
[2mdist/[22m[36massets/creatordashboard-B_pL8hRR.js  [39m[1m[2m122.97 kB[22m[1m[22m[2m ??gzip:  26.97 kB[22m
[2mdist/[22m[36massets/ideas-DwR3ZfJx.js             [39m[1m[2m138.58 kB[22m[1m[22m[2m ??gzip:  33.60 kB[22m
[2mdist/[22m[36massets/advertisewithus-C-M3pUcZ.js   [39m[1m[2m139.51 kB[22m[1m[22m[2m ??gzip:  29.54 kB[22m
[2mdist/[22m[36massets/home-dqRrYTGF.js              [39m[1m[2m156.60 kB[22m[1m[22m[2m ??gzip:  42.79 kB[22m
[2mdist/[22m[36massets/vendor-Cml8jNaD.js            [39m[1m[2m174.86 kB[22m[1m[22m[2m ??gzip:  57.36 kB[22m
[2mdist/[22m[36massets/Videoplayer-Bio0NONg.js       [39m[1m[2m186.54 kB[22m[1m[22m[2m ??gzip:  45.18 kB[22m
[2mdist/[22m[36massets/StaffDashboard-BG2chfVa.js    [39m[1m[2m373.14 kB[22m[1m[22m[2m ??gzip:  59.61 kB[22m
[2mdist/[22m[36massets/index-xfULHToK.js             [39m[1m[2m569.76 kB[22m[1m[22m[2m ??gzip: 187.46 kB[22m
[32m??built in 44.88s[39m
